[     343ms] [WARNING] ::-webkit-details-marker pseudo element selector is deprecated. Please use ::marker instead. See https://chromestatus.com/feature/6730096436051968 for more details. @ https://github.com/ShawnPana/smux:0
[    1280ms] DOMException: Failed to execute 'matches' on 'Element': '[open]:not(:modal)' is not a valid selector.
    at HTMLDialogElement.value [as matches] (https://github.githubassets.com/assets/85924-e131bec5f99667e1.js:2:6410)
    at HTMLElement.w (https://github.githubassets.com/assets/39130-334926c8365e947c.js:2:16977)
    at HTMLElement.connectedCallback (https://github.githubassets.com/assets/39130-334926c8365e947c.js:2:16624)
    at Object.5120 (https://github.githubassets.com/assets/39130-334926c8365e947c.js:2:17262)
    at f (https://github.githubassets.com/assets/wp-runtime-d43299552bfccc72.js:2:147)
    at Object.40721 (https://github.githubassets.com/assets/github-elements-459d4cd7a0f718d7.js:2:138)
    at f (https://github.githubassets.com/assets/wp-runtime-d43299552bfccc72.js:2:147)
    at https://github.githubassets.com/assets/github-elements-459d4cd7a0f718d7.js:2:30495
    at Function.f.O (https://github.githubassets.com/assets/wp-runtime-d43299552bfccc72.js:2:42430)
    at https://github.githubassets.com/assets/github-elements-459d4cd7a0f718d7.js:2:30512
[    1282ms] DOMException: Failed to execute 'matches' on 'Element': '[open]:not(:modal)' is not a valid selector.
    at HTMLDialogElement.value [as matches] (https://github.githubassets.com/assets/85924-e131bec5f99667e1.js:2:6410)
    at HTMLElement.w (https://github.githubassets.com/assets/39130-334926c8365e947c.js:2:16977)
    at HTMLElement.connectedCallback (https://github.githubassets.com/assets/39130-334926c8365e947c.js:2:16624)
    at Object.5120 (https://github.githubassets.com/assets/39130-334926c8365e947c.js:2:17262)
    at f (https://github.githubassets.com/assets/wp-runtime-d43299552bfccc72.js:2:147)
    at Object.40721 (https://github.githubassets.com/assets/github-elements-459d4cd7a0f718d7.js:2:138)
    at f (https://github.githubassets.com/assets/wp-runtime-d43299552bfccc72.js:2:147)
    at https://github.githubassets.com/assets/github-elements-459d4cd7a0f718d7.js:2:30495
    at Function.f.O (https://github.githubassets.com/assets/wp-runtime-d43299552bfccc72.js:2:42430)
    at https://github.githubassets.com/assets/github-elements-459d4cd7a0f718d7.js:2:30512
[    2045ms] TypeError: crypto.randomUUID is not a function
    at i (https://github.githubassets.com/assets/behaviors-d72208d523482ecc.js:27:89732)
    at HTMLElement.connectedCallback (https://github.githubassets.com/assets/react-core-e2e4dc7ec809e513.js:3:38461)
    at x.connectedCallback (https://github.githubassets.com/assets/64247-7de91c52a8aca0eb.js:2:20334)
    at HTMLElement.t.connectedCallback (https://github.githubassets.com/assets/64247-7de91c52a8aca0eb.js:2:19061)
    at https://github.githubassets.com/assets/64247-7de91c52a8aca0eb.js:2:19791
    at new x (https://github.githubassets.com/assets/64247-7de91c52a8aca0eb.js:2:19920)
    at https://github.githubassets.com/assets/64247-7de91c52a8aca0eb.js:2:21209
    at o (https://github.githubassets.com/assets/runtime-helpers-3bb6f7d6b7a2f531.js:2:780)
    at Object.51591 (https://github.githubassets.com/assets/react-core-e2e4dc7ec809e513.js:3:41915)
    at f (https://github.githubassets.com/assets/wp-runtime-d43299552bfccc72.js:2:147)
[    2502ms] TypeError: crypto.randomUUID is not a function
    at HTMLElement.#o (https://github.githubassets.com/assets/react-core-e2e4dc7ec809e513.js:2:43881)
[    2658ms] [WARNING] Deprecated API for given entry type. @ https://github.githubassets.com/assets/chunk-81053-4b979968b5019472.js:0
[    2743ms] TypeError: crypto.randomUUID is not a function
    at HTMLElement.#o (https://github.githubassets.com/assets/react-core-e2e4dc7ec809e513.js:2:43881)
[    2819ms] TypeError: e.entries.at is not a function
    at https://github.githubassets.com/assets/chunk-81053-4b979968b5019472.js:1:4918
    at https://github.githubassets.com/assets/chunk-81053-4b979968b5019472.js:1:5144
    at https://github.githubassets.com/assets/chunk-81053-4b979968b5019472.js:1:2974
    at https://github.githubassets.com/assets/chunk-81053-4b979968b5019472.js:1:4651
    at https://github.githubassets.com/assets/chunk-81053-4b979968b5019472.js:1:3559
[    2820ms] TypeError: e.entries.at is not a function
    at https://github.githubassets.com/assets/chunk-81053-4b979968b5019472.js:1:4918
    at https://github.githubassets.com/assets/chunk-81053-4b979968b5019472.js:1:5144
    at https://github.githubassets.com/assets/chunk-81053-4b979968b5019472.js:1:2974
    at https://github.githubassets.com/assets/chunk-81053-4b979968b5019472.js:1:4651
    at https://github.githubassets.com/assets/chunk-81053-4b979968b5019472.js:1:3559
